Archive member included to satisfy reference by file (symbol)

/usr/lib/gcc/avr/11.2.0/avr6/libgcc.a(_divmodhi4.o)
                              uplink.o (__divmodhi4)
/usr/lib/gcc/avr/11.2.0/avr6/libgcc.a(_udivmodsi4.o)
                              usart.o (__udivmodsi4)
/usr/lib/gcc/avr/11.2.0/avr6/libgcc.a(_exit.o)
                              /usr/lib/gcc/avr/11.2.0/../../../../avr/lib/avr6/crtatmega2560.o (exit)
/usr/lib/gcc/avr/11.2.0/avr6/libgcc.a(_tablejump2.o)
                              mdb.o (__tablejump2__)
/usr/lib/gcc/avr/11.2.0/avr6/libgcc.a(_copy_data.o)
                              usart.o (__do_copy_data)
/usr/lib/gcc/avr/11.2.0/avr6/libgcc.a(_clear_bss.o)
                              main.o (__do_clear_bss)
/usr/lib/gcc/avr/11.2.0/avr6/libgcc.a(_muluhisi3.o)
                              millisF.o (__muluhisi3)
/usr/lib/gcc/avr/11.2.0/avr6/libgcc.a(_udivmodhi4.o)
                              /usr/lib/gcc/avr/11.2.0/avr6/libgcc.a(_divmodhi4.o) (__udivmodhi4)
/usr/lib/gcc/avr/11.2.0/avr6/libgcc.a(_umulhisi3.o)
                              /usr/lib/gcc/avr/11.2.0/avr6/libgcc.a(_muluhisi3.o) (__umulhisi3)
/usr/lib/gcc/avr/11.2.0/../../../../avr/lib/avr6/libc.a(atoi.o)
                              uplink.o (atoi)
/usr/lib/gcc/avr/11.2.0/../../../../avr/lib/avr6/libc.a(strtok.o)
                              uplink.o (strtok)
/usr/lib/gcc/avr/11.2.0/../../../../avr/lib/avr6/libc.a(strcasecmp.o)
                              uplink.o (strcasecmp)
/usr/lib/gcc/avr/11.2.0/../../../../avr/lib/avr6/libc.a(strsep.o)
                              uplink.o (strsep)
/usr/lib/gcc/avr/11.2.0/../../../../avr/lib/avr6/libc.a(strtok_r.o)
                              /usr/lib/gcc/avr/11.2.0/../../../../avr/lib/avr6/libc.a(strtok.o) (strtok_r)
/usr/lib/gcc/avr/11.2.0/../../../../avr/lib/avr6/libc.a(mul10.o)
                              /usr/lib/gcc/avr/11.2.0/../../../../avr/lib/avr6/libc.a(atoi.o) (__mulhi_const_10)
/usr/lib/gcc/avr/11.2.0/../../../../avr/lib/avr6/libc.a(sprintf.o)
                              mdb.o (sprintf)
/usr/lib/gcc/avr/11.2.0/../../../../avr/lib/avr6/libc.a(vfprintf_std.o)
                              /usr/lib/gcc/avr/11.2.0/../../../../avr/lib/avr6/libc.a(sprintf.o) (vfprintf)
/usr/lib/gcc/avr/11.2.0/../../../../avr/lib/avr6/libc.a(strnlen_P.o)
                              /usr/lib/gcc/avr/11.2.0/../../../../avr/lib/avr6/libc.a(vfprintf_std.o) (strnlen_P)
/usr/lib/gcc/avr/11.2.0/../../../../avr/lib/avr6/libc.a(strnlen.o)
                              /usr/lib/gcc/avr/11.2.0/../../../../avr/lib/avr6/libc.a(vfprintf_std.o) (strnlen)
/usr/lib/gcc/avr/11.2.0/../../../../avr/lib/avr6/libc.a(fputc.o)
                              /usr/lib/gcc/avr/11.2.0/../../../../avr/lib/avr6/libc.a(vfprintf_std.o) (fputc)
/usr/lib/gcc/avr/11.2.0/../../../../avr/lib/avr6/libc.a(ultoa_invert.o)
                              /usr/lib/gcc/avr/11.2.0/../../../../avr/lib/avr6/libc.a(vfprintf_std.o) (__ultoa_invert)
/usr/lib/gcc/avr/11.2.0/../../../../avr/lib/avr6/libatmega2560.a(eerd_byte.o)
                              EEPROMHandle.o (eeprom_read_byte)
/usr/lib/gcc/avr/11.2.0/../../../../avr/lib/avr6/libatmega2560.a(eeupd_byte.o)
                              EEPROMHandle.o (eeprom_update_byte)

Memory Configuration

Name             Origin             Length             Attributes
text             0x0000000000000000 0x0000000000100000 xr
data             0x0000000000800200 0x000000000000fe00 rw !x
eeprom           0x0000000000810000 0x0000000000010000 rw !x
fuse             0x0000000000820000 0x0000000000000400 rw !x
lock             0x0000000000830000 0x0000000000000400 rw !x
signature        0x0000000000840000 0x0000000000000400 rw !x
user_signatures  0x0000000000850000 0x0000000000000400 rw !x
*default*        0x0000000000000000 0xffffffffffffffff

Linker script and memory map

Address of section .data set to 0x800200
LOAD /usr/lib/gcc/avr/11.2.0/../../../../avr/lib/avr6/crtatmega2560.o
LOAD main.o
LOAD usart.o
LOAD mdb.o
LOAD uplink.o
LOAD pushButtonHandle.o
LOAD txSwitch.o
LOAD millisF.o
LOAD EEPROMHandle.o
LOAD vendSessionStates.o
LOAD /usr/lib/gcc/avr/11.2.0/../../../../avr/lib/avr6/libm.a
START GROUP
LOAD /usr/lib/gcc/avr/11.2.0/avr6/libgcc.a
LOAD /usr/lib/gcc/avr/11.2.0/../../../../avr/lib/avr6/libm.a
LOAD /usr/lib/gcc/avr/11.2.0/../../../../avr/lib/avr6/libc.a
LOAD /usr/lib/gcc/avr/11.2.0/../../../../avr/lib/avr6/libatmega2560.a
END GROUP
                0x0000000000100000                __TEXT_REGION_LENGTH__ = DEFINED (__TEXT_REGION_LENGTH__)?__TEXT_REGION_LENGTH__:0x100000
                0x000000000000fe00                __DATA_REGION_LENGTH__ = DEFINED (__DATA_REGION_LENGTH__)?__DATA_REGION_LENGTH__:0xfe00
                0x0000000000010000                __EEPROM_REGION_LENGTH__ = DEFINED (__EEPROM_REGION_LENGTH__)?__EEPROM_REGION_LENGTH__:0x10000
                0x0000000000000400                __FUSE_REGION_LENGTH__ = DEFINED (__FUSE_REGION_LENGTH__)?__FUSE_REGION_LENGTH__:0x400
                0x0000000000000400                __LOCK_REGION_LENGTH__ = DEFINED (__LOCK_REGION_LENGTH__)?__LOCK_REGION_LENGTH__:0x400
                0x0000000000000400                __SIGNATURE_REGION_LENGTH__ = DEFINED (__SIGNATURE_REGION_LENGTH__)?__SIGNATURE_REGION_LENGTH__:0x400
                0x0000000000000400                __USER_SIGNATURE_REGION_LENGTH__ = DEFINED (__USER_SIGNATURE_REGION_LENGTH__)?__USER_SIGNATURE_REGION_LENGTH__:0x400

.hash
 *(.hash)

.dynsym
 *(.dynsym)

.dynstr
 *(.dynstr)

.gnu.version
 *(.gnu.version)

.gnu.version_d
 *(.gnu.version_d)

.gnu.version_r
 *(.gnu.version_r)

.rel.init
 *(.rel.init)

.rela.init
 *(.rela.init)

.rel.text
 *(.rel.text)
 *(.rel.text.*)
 *(.rel.gnu.linkonce.t*)

.rela.text
 *(.rela.text)
 *(.rela.text.*)
 *(.rela.gnu.linkonce.t*)

.rel.fini
 *(.rel.fini)

.rela.fini
 *(.rela.fini)

.rel.rodata
 *(.rel.rodata)
 *(.rel.rodata.*)
 *(.rel.gnu.linkonce.r*)

.rela.rodata
 *(.rela.rodata)
 *(.rela.rodata.*)
 *(.rela.gnu.linkonce.r*)

.rel.data
 *(.rel.data)
 *(.rel.data.*)
 *(.rel.gnu.linkonce.d*)

.rela.data
 *(.rela.data)
 *(.rela.data.*)
 *(.rela.gnu.linkonce.d*)

.rel.ctors
 *(.rel.ctors)

.rela.ctors
 *(.rela.ctors)

.rel.dtors
 *(.rel.dtors)

.rela.dtors
 *(.rela.dtors)

.rel.got
 *(.rel.got)

.rela.got
 *(.rela.got)

.rel.bss
 *(.rel.bss)

.rela.bss
 *(.rela.bss)

.rel.plt
 *(.rel.plt)

.rela.plt
 *(.rela.plt)

.text           0x0000000000000000     0x33e6
 *(.vectors)
 .vectors       0x0000000000000000       0xe4 /usr/lib/gcc/avr/11.2.0/../../../../avr/lib/avr6/crtatmega2560.o
                0x0000000000000000                __vectors
                0x0000000000000000                __vector_default
 *(.vectors)
 *(.progmem.gcc*)
                0x00000000000000e4                . = ALIGN (0x2)
                0x00000000000000e4                __trampolines_start = .
 *(.trampolines)
 .trampolines   0x00000000000000e4       0x6c linker stubs
 *(.trampolines*)
                0x0000000000000150                __trampolines_end = .
 *libprintf_flt.a:*(.progmem.data)
 *libc.a:*(.progmem.data)
 *(.progmem.*)
 .progmem.data  0x0000000000000150       0x2d main.o
 .progmem.data  0x000000000000017d      0x3d4 mdb.o
 .progmem.data  0x0000000000000551      0x4da uplink.o
 .progmem.data  0x0000000000000a2b       0x16 txSwitch.o
 .progmem.data  0x0000000000000a41       0x43 vendSessionStates.o
                0x0000000000000a84                . = ALIGN (0x2)
 *(.lowtext)
 *(.lowtext*)
                0x0000000000000a84                __ctors_start = .
 *(.ctors)
                0x0000000000000a84                __ctors_end = .
                0x0000000000000a84                __dtors_start = .
 *(.dtors)
                0x0000000000000a84                __dtors_end = .
 SORT_BY_NAME(*)(.ctors)
 SORT_BY_NAME(*)(.dtors)
 *(.init0)
 .init0         0x0000000000000a84        0x0 /usr/lib/gcc/avr/11.2.0/../../../../avr/lib/avr6/crtatmega2560.o
                0x0000000000000a84                __init
 *(.init0)
 *(.init1)
 *(.init1)
 *(.init2)
 .init2         0x0000000000000a84       0x10 /usr/lib/gcc/avr/11.2.0/../../../../avr/lib/avr6/crtatmega2560.o
 *(.init2)
 *(.init3)
 *(.init3)
 *(.init4)
 .init4         0x0000000000000a94       0x1a /usr/lib/gcc/avr/11.2.0/avr6/libgcc.a(_copy_data.o)
                0x0000000000000a94                __do_copy_data
 .init4         0x0000000000000aae       0x10 /usr/lib/gcc/avr/11.2.0/avr6/libgcc.a(_clear_bss.o)
                0x0000000000000aae                __do_clear_bss
 *(.init4)
 *(.init5)
 *(.init5)
 *(.init6)
 *(.init6)
 *(.init7)
 *(.init7)
 *(.init8)
 *(.init8)
 *(.init9)
 .init9         0x0000000000000abe        0x8 /usr/lib/gcc/avr/11.2.0/../../../../avr/lib/avr6/crtatmega2560.o
 *(.init9)
 *(.text)
 .text          0x0000000000000ac6        0x4 /usr/lib/gcc/avr/11.2.0/../../../../avr/lib/avr6/crtatmega2560.o
                0x0000000000000ac6                __vector_38
                0x0000000000000ac6                __vector_22
                0x0000000000000ac6                __vector_28
                0x0000000000000ac6                __vector_1
                0x0000000000000ac6                __vector_32
                0x0000000000000ac6                __vector_34
                0x0000000000000ac6                __vector_24
                0x0000000000000ac6                __vector_12
                0x0000000000000ac6                __vector_55
                0x0000000000000ac6                __vector_46
                0x0000000000000ac6                __bad_interrupt
                0x0000000000000ac6                __vector_6
                0x0000000000000ac6                __vector_31
                0x0000000000000ac6                __vector_35
                0x0000000000000ac6                __vector_39
                0x0000000000000ac6                __vector_3
                0x0000000000000ac6                __vector_23
                0x0000000000000ac6                __vector_30
                0x0000000000000ac6                __vector_45
                0x0000000000000ac6                __vector_11
                0x0000000000000ac6                __vector_54
                0x0000000000000ac6                __vector_17
                0x0000000000000ac6                __vector_19
                0x0000000000000ac6                __vector_56
                0x0000000000000ac6                __vector_7
                0x0000000000000ac6                __vector_49
                0x0000000000000ac6                __vector_41
                0x0000000000000ac6                __vector_43
                0x0000000000000ac6                __vector_27
                0x0000000000000ac6                __vector_5
                0x0000000000000ac6                __vector_33
                0x0000000000000ac6                __vector_47
                0x0000000000000ac6                __vector_4
                0x0000000000000ac6                __vector_44
                0x0000000000000ac6                __vector_9
                0x0000000000000ac6                __vector_2
                0x0000000000000ac6                __vector_21
                0x0000000000000ac6                __vector_15
                0x0000000000000ac6                __vector_29
                0x0000000000000ac6                __vector_40
                0x0000000000000ac6                __vector_8
                0x0000000000000ac6                __vector_48
                0x0000000000000ac6                __vector_14
                0x0000000000000ac6                __vector_53
                0x0000000000000ac6                __vector_10
                0x0000000000000ac6                __vector_50
                0x0000000000000ac6                __vector_16
                0x0000000000000ac6                __vector_18
                0x0000000000000ac6                __vector_20
                0x0000000000000ac6                __vector_42
 .text          0x0000000000000aca        0x0 main.o
 .text          0x0000000000000aca      0x790 usart.o
                0x0000000000000aca                setup_usart
                0x0000000000000cc2                buffer_level
                0x0000000000000cee                read_buffer
                0x0000000000000d50                write_buffer
                0x0000000000000dd8                send_char
                0x0000000000000de0                recv_char
                0x0000000000000de8                send_str
                0x0000000000000e10                recv_str
                0x0000000000000e52                send_str_p
                0x0000000000000e80                send_mdb
                0x0000000000000eae                recv_mdb
                0x0000000000000ee8                __vector_25
                0x0000000000000f58                __vector_36
                0x0000000000000fc8                __vector_51
                0x0000000000001038                __vector_26
                0x00000000000010ee                __vector_37
                0x00000000000011a4                __vector_52
 .text          0x000000000000125a      0xf8c mdb.o
                0x000000000000125a                statePos
                0x0000000000001264                mdb_reset
                0x00000000000012ce                mdb_stage3
                0x00000000000015b2                mdb_setup
                0x00000000000018fc                mdb_poll
                0x0000000000001d56                mdb_vend
                0x00000000000020ba                mdb_reader
                0x000000000000216e                mdb_cmd_handler
 .text          0x00000000000021e6      0x6fc uplink.o
                0x00000000000021e6                cmd_reset
                0x00000000000021f8                cmd_help
                0x0000000000002248                cmd_get_mdb_state
                0x000000000000228e                cmd_io
                0x00000000000022e8                vendInvoker
                0x0000000000002458                cmd_deny_vend
                0x0000000000002478                cmd_cancel_session
                0x0000000000002492                cmd_start_session
                0x00000000000024ea                cmd_info
                0x0000000000002640                cmd_approve_vend
                0x00000000000026e4                parse_cmd
                0x0000000000002784                uplink_cmd_handler
                0x000000000000282a                startTimer
                0x0000000000002832                stopTimer
                0x0000000000002848                getTimerState
                0x000000000000284e                incrementTimerPass
                0x000000000000285a                getTimerPass
                0x0000000000002860                liveVendMonitor
                0x0000000000002862                resetDevice
                0x000000000000286e                timeHandler
 .text          0x00000000000028e2       0x44 pushButtonHandle.o
                0x00000000000028e2                setupPB
                0x00000000000028f8                getPBState
 .text          0x0000000000002926       0x3a txSwitch.o
                0x0000000000002926                setupTxSwitch
                0x000000000000293a                txSwitchState
 .text          0x0000000000002960      0x174 millisF.o
                0x0000000000002960                secondsV
                0x0000000000002986                millis_init
                0x000000000000299e                millis_get
                0x00000000000029de                millis_resume
                0x00000000000029f4                millis_pause
                0x0000000000002a0a                millis_reset
                0x0000000000002a22                millis_add
                0x0000000000002a58                millis_subtract
                0x0000000000002a8e                __vector_13
 .text          0x0000000000002ad4       0x14 EEPROMHandle.o
                0x0000000000002ad4                writeDataToEEPROM
                0x0000000000002ae0                readDataFromEEPROM
 .text          0x0000000000002ae8       0x6c vendSessionStates.o
                0x0000000000002ae8                saveVendState
                0x0000000000002b14                getLastVendState
                0x0000000000002b18                clearLastVendState
                0x0000000000002b24                statesCheckStartup
 .text          0x0000000000002b54        0x0 /usr/lib/gcc/avr/11.2.0/avr6/libgcc.a(_divmodhi4.o)
 .text          0x0000000000002b54        0x0 /usr/lib/gcc/avr/11.2.0/avr6/libgcc.a(_udivmodsi4.o)
 .text          0x0000000000002b54        0x0 /usr/lib/gcc/avr/11.2.0/avr6/libgcc.a(_exit.o)
 .text          0x0000000000002b54        0x0 /usr/lib/gcc/avr/11.2.0/avr6/libgcc.a(_tablejump2.o)
 .text          0x0000000000002b54        0x0 /usr/lib/gcc/avr/11.2.0/avr6/libgcc.a(_copy_data.o)
 .text          0x0000000000002b54        0x0 /usr/lib/gcc/avr/11.2.0/avr6/libgcc.a(_clear_bss.o)
 .text          0x0000000000002b54        0x0 /usr/lib/gcc/avr/11.2.0/avr6/libgcc.a(_muluhisi3.o)
 .text          0x0000000000002b54        0x0 /usr/lib/gcc/avr/11.2.0/avr6/libgcc.a(_udivmodhi4.o)
 .text          0x0000000000002b54        0x0 /usr/lib/gcc/avr/11.2.0/avr6/libgcc.a(_umulhisi3.o)
 .text          0x0000000000002b54        0x0 /usr/lib/gcc/avr/11.2.0/../../../../avr/lib/avr6/libc.a(atoi.o)
 .text          0x0000000000002b54        0x0 /usr/lib/gcc/avr/11.2.0/../../../../avr/lib/avr6/libc.a(strtok.o)
 .text          0x0000000000002b54        0x0 /usr/lib/gcc/avr/11.2.0/../../../../avr/lib/avr6/libc.a(strcasecmp.o)
 .text          0x0000000000002b54        0x0 /usr/lib/gcc/avr/11.2.0/../../../../avr/lib/avr6/libc.a(strsep.o)
 .text          0x0000000000002b54        0x0 /usr/lib/gcc/avr/11.2.0/../../../../avr/lib/avr6/libc.a(strtok_r.o)
 .text          0x0000000000002b54        0x0 /usr/lib/gcc/avr/11.2.0/../../../../avr/lib/avr6/libc.a(mul10.o)
 .text          0x0000000000002b54        0x0 /usr/lib/gcc/avr/11.2.0/../../../../avr/lib/avr6/libc.a(sprintf.o)
 .text          0x0000000000002b54        0x0 /usr/lib/gcc/avr/11.2.0/../../../../avr/lib/avr6/libc.a(vfprintf_std.o)
 .text          0x0000000000002b54        0x0 /usr/lib/gcc/avr/11.2.0/../../../../avr/lib/avr6/libc.a(strnlen_P.o)
 .text          0x0000000000002b54        0x0 /usr/lib/gcc/avr/11.2.0/../../../../avr/lib/avr6/libc.a(strnlen.o)
 .text          0x0000000000002b54        0x0 /usr/lib/gcc/avr/11.2.0/../../../../avr/lib/avr6/libc.a(fputc.o)
 .text          0x0000000000002b54        0x0 /usr/lib/gcc/avr/11.2.0/../../../../avr/lib/avr6/libc.a(ultoa_invert.o)
 .text          0x0000000000002b54        0x0 /usr/lib/gcc/avr/11.2.0/../../../../avr/lib/avr6/libatmega2560.a(eerd_byte.o)
 .text          0x0000000000002b54        0x0 /usr/lib/gcc/avr/11.2.0/../../../../avr/lib/avr6/libatmega2560.a(eeupd_byte.o)
                0x0000000000002b54                . = ALIGN (0x2)
 *(.text.*)
 .text.startup  0x0000000000002b54       0xc8 main.o
                0x0000000000002b54                main
 .text.libgcc.mul
                0x0000000000002c1c        0x0 /usr/lib/gcc/avr/11.2.0/avr6/libgcc.a(_divmodhi4.o)
 .text.libgcc.div
                0x0000000000002c1c       0x28 /usr/lib/gcc/avr/11.2.0/avr6/libgcc.a(_divmodhi4.o)
                0x0000000000002c1c                __divmodhi4
                0x0000000000002c1c                _div
 .text.libgcc   0x0000000000002c44        0x0 /usr/lib/gcc/avr/11.2.0/avr6/libgcc.a(_divmodhi4.o)
 .text.libgcc.prologue
                0x0000000000002c44        0x0 /usr/lib/gcc/avr/11.2.0/avr6/libgcc.a(_divmodhi4.o)
 .text.libgcc.builtins
                0x0000000000002c44        0x0 /usr/lib/gcc/avr/11.2.0/avr6/libgcc.a(_divmodhi4.o)
 .text.libgcc.fmul
                0x0000000000002c44        0x0 /usr/lib/gcc/avr/11.2.0/avr6/libgcc.a(_divmodhi4.o)
 .text.libgcc.fixed
                0x0000000000002c44        0x0 /usr/lib/gcc/avr/11.2.0/avr6/libgcc.a(_divmodhi4.o)
 .text.libgcc.mul
                0x0000000000002c44        0x0 /usr/lib/gcc/avr/11.2.0/avr6/libgcc.a(_udivmodsi4.o)
 .text.libgcc.div
                0x0000000000002c44       0x44 /usr/lib/gcc/avr/11.2.0/avr6/libgcc.a(_udivmodsi4.o)
                0x0000000000002c44                __udivmodsi4
 .text.libgcc   0x0000000000002c88        0x0 /usr/lib/gcc/avr/11.2.0/avr6/libgcc.a(_udivmodsi4.o)
 .text.libgcc.prologue
                0x0000000000002c88        0x0 /usr/lib/gcc/avr/11.2.0/avr6/libgcc.a(_udivmodsi4.o)
 .text.libgcc.builtins
                0x0000000000002c88        0x0 /usr/lib/gcc/avr/11.2.0/avr6/libgcc.a(_udivmodsi4.o)
 .text.libgcc.fmul
                0x0000000000002c88        0x0 /usr/lib/gcc/avr/11.2.0/avr6/libgcc.a(_udivmodsi4.o)
 .text.libgcc.fixed
                0x0000000000002c88        0x0 /usr/lib/gcc/avr/11.2.0/avr6/libgcc.a(_udivmodsi4.o)
 .text.libgcc.mul
                0x0000000000002c88        0x0 /usr/lib/gcc/avr/11.2.0/avr6/libgcc.a(_exit.o)
 .text.libgcc.div
                0x0000000000002c88        0x0 /usr/lib/gcc/avr/11.2.0/avr6/libgcc.a(_exit.o)
 .text.libgcc   0x0000000000002c88        0x0 /usr/lib/gcc/avr/11.2.0/avr6/libgcc.a(_exit.o)
 .text.libgcc.prologue
                0x0000000000002c88        0x0 /usr/lib/gcc/avr/11.2.0/avr6/libgcc.a(_exit.o)
 .text.libgcc.builtins
                0x0000000000002c88        0x0 /usr/lib/gcc/avr/11.2.0/avr6/libgcc.a(_exit.o)
 .text.libgcc.fmul
                0x0000000000002c88        0x0 /usr/lib/gcc/avr/11.2.0/avr6/libgcc.a(_exit.o)
 .text.libgcc.fixed
                0x0000000000002c88        0x0 /usr/lib/gcc/avr/11.2.0/avr6/libgcc.a(_exit.o)
 .text.libgcc.mul
                0x0000000000002c88        0x0 /usr/lib/gcc/avr/11.2.0/avr6/libgcc.a(_tablejump2.o)
 .text.libgcc.div
                0x0000000000002c88        0x0 /usr/lib/gcc/avr/11.2.0/avr6/libgcc.a(_tablejump2.o)
 .text.libgcc   0x0000000000002c88       0x10 /usr/lib/gcc/avr/11.2.0/avr6/libgcc.a(_tablejump2.o)
                0x0000000000002c88                __tablejump2__
 .text.libgcc.prologue
                0x0000000000002c98        0x0 /usr/lib/gcc/avr/11.2.0/avr6/libgcc.a(_tablejump2.o)
 .text.libgcc.builtins
                0x0000000000002c98        0x0 /usr/lib/gcc/avr/11.2.0/avr6/libgcc.a(_tablejump2.o)
 .text.libgcc.fmul
                0x0000000000002c98        0x0 /usr/lib/gcc/avr/11.2.0/avr6/libgcc.a(_tablejump2.o)
 .text.libgcc.fixed
                0x0000000000002c98        0x0 /usr/lib/gcc/avr/11.2.0/avr6/libgcc.a(_tablejump2.o)
 .text.libgcc.mul
                0x0000000000002c98        0x0 /usr/lib/gcc/avr/11.2.0/avr6/libgcc.a(_copy_data.o)
 .text.libgcc.div
                0x0000000000002c98        0x0 /usr/lib/gcc/avr/11.2.0/avr6/libgcc.a(_copy_data.o)
 .text.libgcc   0x0000000000002c98        0x0 /usr/lib/gcc/avr/11.2.0/avr6/libgcc.a(_copy_data.o)
 .text.libgcc.prologue
                0x0000000000002c98        0x0 /usr/lib/gcc/avr/11.2.0/avr6/libgcc.a(_copy_data.o)
 .text.libgcc.builtins
                0x0000000000002c98        0x0 /usr/lib/gcc/avr/11.2.0/avr6/libgcc.a(_copy_data.o)
 .text.libgcc.fmul
                0x0000000000002c98        0x0 /usr/lib/gcc/avr/11.2.0/avr6/libgcc.a(_copy_data.o)
 .text.libgcc.fixed
                0x0000000000002c98        0x0 /usr/lib/gcc/avr/11.2.0/avr6/libgcc.a(_copy_data.o)
 .text.libgcc.mul
                0x0000000000002c98        0x0 /usr/lib/gcc/avr/11.2.0/avr6/libgcc.a(_clear_bss.o)
 .text.libgcc.div
                0x0000000000002c98        0x0 /usr/lib/gcc/avr/11.2.0/avr6/libgcc.a(_clear_bss.o)
 .text.libgcc   0x0000000000002c98        0x0 /usr/lib/gcc/avr/11.2.0/avr6/libgcc.a(_clear_bss.o)
 .text.libgcc.prologue
                0x0000000000002c98        0x0 /usr/lib/gcc/avr/11.2.0/avr6/libgcc.a(_clear_bss.o)
 .text.libgcc.builtins
                0x0000000000002c98        0x0 /usr/lib/gcc/avr/11.2.0/avr6/libgcc.a(_clear_bss.o)
 .text.libgcc.fmul
                0x0000000000002c98        0x0 /usr/lib/gcc/avr/11.2.0/avr6/libgcc.a(_clear_bss.o)
 .text.libgcc.fixed
                0x0000000000002c98        0x0 /usr/lib/gcc/avr/11.2.0/avr6/libgcc.a(_clear_bss.o)
 .text.libgcc.mul
                0x0000000000002c98       0x16 /usr/lib/gcc/avr/11.2.0/avr6/libgcc.a(_muluhisi3.o)
                0x0000000000002c98                __muluhisi3
 .text.libgcc.div
                0x0000000000002cae        0x0 /usr/lib/gcc/avr/11.2.0/avr6/libgcc.a(_muluhisi3.o)
 .text.libgcc   0x0000000000002cae        0x0 /usr/lib/gcc/avr/11.2.0/avr6/libgcc.a(_muluhisi3.o)
 .text.libgcc.prologue
                0x0000000000002cae        0x0 /usr/lib/gcc/avr/11.2.0/avr6/libgcc.a(_muluhisi3.o)
 .text.libgcc.builtins
                0x0000000000002cae        0x0 /usr/lib/gcc/avr/11.2.0/avr6/libgcc.a(_muluhisi3.o)
 .text.libgcc.fmul
                0x0000000000002cae        0x0 /usr/lib/gcc/avr/11.2.0/avr6/libgcc.a(_muluhisi3.o)
 .text.libgcc.fixed
                0x0000000000002cae        0x0 /usr/lib/gcc/avr/11.2.0/avr6/libgcc.a(_muluhisi3.o)
 .text.libgcc.mul
                0x0000000000002cae        0x0 /usr/lib/gcc/avr/11.2.0/avr6/libgcc.a(_udivmodhi4.o)
 .text.libgcc.div
                0x0000000000002cae       0x28 /usr/lib/gcc/avr/11.2.0/avr6/libgcc.a(_udivmodhi4.o)
                0x0000000000002cae                __udivmodhi4
 .text.libgcc   0x0000000000002cd6        0x0 /usr/lib/gcc/avr/11.2.0/avr6/libgcc.a(_udivmodhi4.o)
 .text.libgcc.prologue
                0x0000000000002cd6        0x0 /usr/lib/gcc/avr/11.2.0/avr6/libgcc.a(_udivmodhi4.o)
 .text.libgcc.builtins
                0x0000000000002cd6        0x0 /usr/lib/gcc/avr/11.2.0/avr6/libgcc.a(_udivmodhi4.o)
 .text.libgcc.fmul
                0x0000000000002cd6        0x0 /usr/lib/gcc/avr/11.2.0/avr6/libgcc.a(_udivmodhi4.o)
 .text.libgcc.fixed
                0x0000000000002cd6        0x0 /usr/lib/gcc/avr/11.2.0/avr6/libgcc.a(_udivmodhi4.o)
 .text.libgcc.mul
                0x0000000000002cd6       0x1e /usr/lib/gcc/avr/11.2.0/avr6/libgcc.a(_umulhisi3.o)
                0x0000000000002cd6                __umulhisi3
 .text.libgcc.div
                0x0000000000002cf4        0x0 /usr/lib/gcc/avr/11.2.0/avr6/libgcc.a(_umulhisi3.o)
 .text.libgcc   0x0000000000002cf4        0x0 /usr/lib/gcc/avr/11.2.0/avr6/libgcc.a(_umulhisi3.o)
 .text.libgcc.prologue
                0x0000000000002cf4        0x0 /usr/lib/gcc/avr/11.2.0/avr6/libgcc.a(_umulhisi3.o)
 .text.libgcc.builtins
                0x0000000000002cf4        0x0 /usr/lib/gcc/avr/11.2.0/avr6/libgcc.a(_umulhisi3.o)
 .text.libgcc.fmul
                0x0000000000002cf4        0x0 /usr/lib/gcc/avr/11.2.0/avr6/libgcc.a(_umulhisi3.o)
 .text.libgcc.fixed
                0x0000000000002cf4        0x0 /usr/lib/gcc/avr/11.2.0/avr6/libgcc.a(_umulhisi3.o)
 .text.avr-libc
                0x0000000000002cf4       0x3c /usr/lib/gcc/avr/11.2.0/../../../../avr/lib/avr6/libc.a(atoi.o)
                0x0000000000002cf4                atoi
 .text.avr-libc
                0x0000000000002d30        0x8 /usr/lib/gcc/avr/11.2.0/../../../../avr/lib/avr6/libc.a(strtok.o)
                0x0000000000002d30                strtok
 .text.avr-libc
                0x0000000000002d38       0x26 /usr/lib/gcc/avr/11.2.0/../../../../avr/lib/avr6/libc.a(strcasecmp.o)
                0x0000000000002d38                strcasecmp
 .text.avr-libc
                0x0000000000002d5e       0x30 /usr/lib/gcc/avr/11.2.0/../../../../avr/lib/avr6/libc.a(strsep.o)
                0x0000000000002d5e                strsep
 .text.avr-libc
                0x0000000000002d8e       0x4e /usr/lib/gcc/avr/11.2.0/../../../../avr/lib/avr6/libc.a(strtok_r.o)
                0x0000000000002d8e                strtok_r
 .text.avr-libc
                0x0000000000002ddc       0x10 /usr/lib/gcc/avr/11.2.0/../../../../avr/lib/avr6/libc.a(mul10.o)
                0x0000000000002ddc                __mulhi_const_10
 .text.avr-libc
                0x0000000000002dec       0x60 /usr/lib/gcc/avr/11.2.0/../../../../avr/lib/avr6/libc.a(sprintf.o)
                0x0000000000002dec                sprintf
 .text.avr-libc
                0x0000000000002e4c      0x3f8 /usr/lib/gcc/avr/11.2.0/../../../../avr/lib/avr6/libc.a(vfprintf_std.o)
                0x0000000000002e4c                vfprintf
 .text.avr-libc
                0x0000000000003244       0x16 /usr/lib/gcc/avr/11.2.0/../../../../avr/lib/avr6/libc.a(strnlen_P.o)
                0x0000000000003244                strnlen_P
 .text.avr-libc
                0x000000000000325a       0x16 /usr/lib/gcc/avr/11.2.0/../../../../avr/lib/avr6/libc.a(strnlen.o)
                0x000000000000325a                strnlen
 .text.avr-libc
                0x0000000000003270       0x60 /usr/lib/gcc/avr/11.2.0/../../../../avr/lib/avr6/libc.a(fputc.o)
                0x0000000000003270                fputc
 .text.avr-libc
                0x00000000000032d0       0xbc /usr/lib/gcc/avr/11.2.0/../../../../avr/lib/avr6/libc.a(ultoa_invert.o)
                0x00000000000032d0                __ultoa_invert
 .text.avr-libc
                0x000000000000338c       0x10 /usr/lib/gcc/avr/11.2.0/../../../../avr/lib/avr6/libatmega2560.a(eerd_byte.o)
                0x000000000000338c                eeprom_read_byte
 .text.avr-libc
                0x000000000000339c       0x24 /usr/lib/gcc/avr/11.2.0/../../../../avr/lib/avr6/libatmega2560.a(eeupd_byte.o)
                0x000000000000339c                eeprom_update_byte
                0x000000000000339e                eeprom_update_r18
                0x00000000000033c0                . = ALIGN (0x2)
 *(.fini9)
 .fini9         0x00000000000033c0        0x0 /usr/lib/gcc/avr/11.2.0/avr6/libgcc.a(_exit.o)
                0x00000000000033c0                exit
                0x00000000000033c0                _exit
 *(.fini9)
 *(.fini8)
 *(.fini8)
 *(.fini7)
 *(.fini7)
 *(.fini6)
 *(.fini6)
 *(.fini5)
 *(.fini5)
 *(.fini4)
 *(.fini4)
 *(.fini3)
 *(.fini3)
 *(.fini2)
 *(.fini2)
 *(.fini1)
 *(.fini1)
 *(.fini0)
 .fini0         0x00000000000033c0        0x4 /usr/lib/gcc/avr/11.2.0/avr6/libgcc.a(_exit.o)
 *(.fini0)
 *(.hightext)
 *(.hightext*)
 *(.progmemx.*)
                0x00000000000033c4                . = ALIGN (0x2)
 *(.jumptables)
 *(.jumptables*)
 .jumptables.gcc.mdb_poll
                0x00000000000033c4       0x14 mdb.o
 .jumptables.gcc.cmd_get_mdb_state
                0x00000000000033d8        0xe uplink.o
                0x00000000000033e6                _etext = .

.data           0x0000000000800200      0x58c load address 0x00000000000033e6
                0x0000000000800200                PROVIDE (__data_start = .)
 *(.data)
 .data          0x0000000000800200        0x0 /usr/lib/gcc/avr/11.2.0/../../../../avr/lib/avr6/crtatmega2560.o
 .data          0x0000000000800200        0x0 main.o
 .data          0x0000000000800200      0x324 usart.o
                0x0000000000800200                usart
 .data          0x0000000000800524       0x2b mdb.o
                0x0000000000800526                s3d
                0x0000000000800546                cd
                0x000000000080054e                MDB_USART_TX_READY
 .data          0x000000000080054f       0x2c uplink.o
                0x000000000080054f                CMD_LIST
 .data          0x000000000080057b        0x0 pushButtonHandle.o
 .data          0x000000000080057b        0x0 txSwitch.o
 .data          0x000000000080057b        0x0 millisF.o
 .data          0x000000000080057b        0x0 EEPROMHandle.o
 .data          0x000000000080057b        0x0 vendSessionStates.o
 .data          0x000000000080057b        0x0 /usr/lib/gcc/avr/11.2.0/avr6/libgcc.a(_divmodhi4.o)
 .data          0x000000000080057b        0x0 /usr/lib/gcc/avr/11.2.0/avr6/libgcc.a(_udivmodsi4.o)
 .data          0x000000000080057b        0x0 /usr/lib/gcc/avr/11.2.0/avr6/libgcc.a(_exit.o)
 .data          0x000000000080057b        0x0 /usr/lib/gcc/avr/11.2.0/avr6/libgcc.a(_tablejump2.o)
 .data          0x000000000080057b        0x0 /usr/lib/gcc/avr/11.2.0/avr6/libgcc.a(_copy_data.o)
 .data          0x000000000080057b        0x0 /usr/lib/gcc/avr/11.2.0/avr6/libgcc.a(_clear_bss.o)
 .data          0x000000000080057b        0x0 /usr/lib/gcc/avr/11.2.0/avr6/libgcc.a(_muluhisi3.o)
 .data          0x000000000080057b        0x0 /usr/lib/gcc/avr/11.2.0/avr6/libgcc.a(_udivmodhi4.o)
 .data          0x000000000080057b        0x0 /usr/lib/gcc/avr/11.2.0/avr6/libgcc.a(_umulhisi3.o)
 .data          0x000000000080057b        0x0 /usr/lib/gcc/avr/11.2.0/../../../../avr/lib/avr6/libc.a(atoi.o)
 .data          0x000000000080057b        0x0 /usr/lib/gcc/avr/11.2.0/../../../../avr/lib/avr6/libc.a(strtok.o)
 .data          0x000000000080057b        0x0 /usr/lib/gcc/avr/11.2.0/../../../../avr/lib/avr6/libc.a(strcasecmp.o)
 .data          0x000000000080057b        0x0 /usr/lib/gcc/avr/11.2.0/../../../../avr/lib/avr6/libc.a(strsep.o)
 .data          0x000000000080057b        0x0 /usr/lib/gcc/avr/11.2.0/../../../../avr/lib/avr6/libc.a(strtok_r.o)
 .data          0x000000000080057b        0x0 /usr/lib/gcc/avr/11.2.0/../../../../avr/lib/avr6/libc.a(mul10.o)
 .data          0x000000000080057b        0x0 /usr/lib/gcc/avr/11.2.0/../../../../avr/lib/avr6/libc.a(sprintf.o)
 .data          0x000000000080057b        0x0 /usr/lib/gcc/avr/11.2.0/../../../../avr/lib/avr6/libc.a(vfprintf_std.o)
 .data          0x000000000080057b        0x0 /usr/lib/gcc/avr/11.2.0/../../../../avr/lib/avr6/libc.a(strnlen_P.o)
 .data          0x000000000080057b        0x0 /usr/lib/gcc/avr/11.2.0/../../../../avr/lib/avr6/libc.a(strnlen.o)
 .data          0x000000000080057b        0x0 /usr/lib/gcc/avr/11.2.0/../../../../avr/lib/avr6/libc.a(fputc.o)
 .data          0x000000000080057b        0x0 /usr/lib/gcc/avr/11.2.0/../../../../avr/lib/avr6/libc.a(ultoa_invert.o)
 .data          0x000000000080057b        0x0 /usr/lib/gcc/avr/11.2.0/../../../../avr/lib/avr6/libatmega2560.a(eerd_byte.o)
 .data          0x000000000080057b        0x0 /usr/lib/gcc/avr/11.2.0/../../../../avr/lib/avr6/libatmega2560.a(eeupd_byte.o)
 *(.data*)
 *(.gnu.linkonce.d*)
 *(.rodata)
 .rodata        0x000000000080057b        0x6 mdb.o
 *(.rodata*)
 .rodata.str1.1
                0x0000000000800581       0xa2 mdb.o
 .rodata.str1.1
                0x0000000000800623      0x169 uplink.o
                                        0x16c (size before relaxing)
 *(.gnu.linkonce.r*)
                0x000000000080078c                . = ALIGN (0x2)
                0x000000000080078c                _edata = .
                0x000000000080078c                PROVIDE (__data_end = .)

.bss            0x000000000080078c       0x5e
                0x000000000080078c                PROVIDE (__bss_start = .)
 *(.bss)
 .bss           0x000000000080078c        0x0 /usr/lib/gcc/avr/11.2.0/../../../../avr/lib/avr6/crtatmega2560.o
 .bss           0x000000000080078c        0x9 main.o
                0x000000000080078c                fl
                0x000000000080078d                bootCounter
                0x000000000080078e                kVal
                0x0000000000800790                flagger
 .bss           0x0000000000800795        0x0 usart.o
 .bss           0x0000000000800795       0x1f mdb.o
                0x0000000000800795                session
                0x000000000080079c                s3dT
                0x000000000080079d                m
                0x000000000080079f                price
                0x00000000008007a3                vmc
                0x00000000008007a7                reset_done
                0x00000000008007a8                mdb_active_cmd
                0x00000000008007a9                mdb_poll_reply
                0x00000000008007aa                mdb_state
 .bss           0x00000000008007b4       0x2f uplink.o
                0x00000000008007b4                buff
                0x00000000008007c8                vendValue
                0x00000000008007ca                paymentMethod
                0x00000000008007cb                processComplete
                0x00000000008007cc                timerPassV
                0x00000000008007cd                timerVal
 .bss           0x00000000008007e3        0x0 pushButtonHandle.o
 .bss           0x00000000008007e3        0x0 txSwitch.o
 .bss           0x00000000008007e3        0x4 millisF.o
 .bss           0x00000000008007e7        0x0 EEPROMHandle.o
 .bss           0x00000000008007e7        0x1 vendSessionStates.o
                0x00000000008007e7                vendStateT
 .bss           0x00000000008007e8        0x0 /usr/lib/gcc/avr/11.2.0/avr6/libgcc.a(_divmodhi4.o)
 .bss           0x00000000008007e8        0x0 /usr/lib/gcc/avr/11.2.0/avr6/libgcc.a(_udivmodsi4.o)
 .bss           0x00000000008007e8        0x0 /usr/lib/gcc/avr/11.2.0/avr6/libgcc.a(_exit.o)
 .bss           0x00000000008007e8        0x0 /usr/lib/gcc/avr/11.2.0/avr6/libgcc.a(_tablejump2.o)
 .bss           0x00000000008007e8        0x0 /usr/lib/gcc/avr/11.2.0/avr6/libgcc.a(_copy_data.o)
 .bss           0x00000000008007e8        0x0 /usr/lib/gcc/avr/11.2.0/avr6/libgcc.a(_clear_bss.o)
 .bss           0x00000000008007e8        0x0 /usr/lib/gcc/avr/11.2.0/avr6/libgcc.a(_muluhisi3.o)
 .bss           0x00000000008007e8        0x0 /usr/lib/gcc/avr/11.2.0/avr6/libgcc.a(_udivmodhi4.o)
 .bss           0x00000000008007e8        0x0 /usr/lib/gcc/avr/11.2.0/avr6/libgcc.a(_umulhisi3.o)
 .bss           0x00000000008007e8        0x0 /usr/lib/gcc/avr/11.2.0/../../../../avr/lib/avr6/libc.a(atoi.o)
 .bss           0x00000000008007e8        0x2 /usr/lib/gcc/avr/11.2.0/../../../../avr/lib/avr6/libc.a(strtok.o)
 .bss           0x00000000008007ea        0x0 /usr/lib/gcc/avr/11.2.0/../../../../avr/lib/avr6/libc.a(strcasecmp.o)
 .bss           0x00000000008007ea        0x0 /usr/lib/gcc/avr/11.2.0/../../../../avr/lib/avr6/libc.a(strsep.o)
 .bss           0x00000000008007ea        0x0 /usr/lib/gcc/avr/11.2.0/../../../../avr/lib/avr6/libc.a(strtok_r.o)
 .bss           0x00000000008007ea        0x0 /usr/lib/gcc/avr/11.2.0/../../../../avr/lib/avr6/libc.a(mul10.o)
 .bss           0x00000000008007ea        0x0 /usr/lib/gcc/avr/11.2.0/../../../../avr/lib/avr6/libc.a(sprintf.o)
 .bss           0x00000000008007ea        0x0 /usr/lib/gcc/avr/11.2.0/../../../../avr/lib/avr6/libc.a(vfprintf_std.o)
 .bss           0x00000000008007ea        0x0 /usr/lib/gcc/avr/11.2.0/../../../../avr/lib/avr6/libc.a(strnlen_P.o)
 .bss           0x00000000008007ea        0x0 /usr/lib/gcc/avr/11.2.0/../../../../avr/lib/avr6/libc.a(strnlen.o)
 .bss           0x00000000008007ea        0x0 /usr/lib/gcc/avr/11.2.0/../../../../avr/lib/avr6/libc.a(fputc.o)
 .bss           0x00000000008007ea        0x0 /usr/lib/gcc/avr/11.2.0/../../../../avr/lib/avr6/libc.a(ultoa_invert.o)
 .bss           0x00000000008007ea        0x0 /usr/lib/gcc/avr/11.2.0/../../../../avr/lib/avr6/libatmega2560.a(eerd_byte.o)
 .bss           0x00000000008007ea        0x0 /usr/lib/gcc/avr/11.2.0/../../../../avr/lib/avr6/libatmega2560.a(eeupd_byte.o)
 *(.bss*)
 *(COMMON)
                0x00000000008007ea                PROVIDE (__bss_end = .)
                0x00000000000033e6                __data_load_start = LOADADDR (.data)
                0x0000000000003972                __data_load_end = (__data_load_start + SIZEOF (.data))

.noinit         0x00000000008007ea        0x0
                [!provide]                        PROVIDE (__noinit_start = .)
 *(.noinit .noinit.* .gnu.linkonce.n.*)
                [!provide]                        PROVIDE (__noinit_end = .)
                0x00000000008007ea                _end = .
                [!provide]                        PROVIDE (__heap_start = .)

.eeprom         0x0000000000810000        0x0
 *(.eeprom*)
                0x0000000000810000                __eeprom_end = .

.fuse
 *(.fuse)
 *(.lfuse)
 *(.hfuse)
 *(.efuse)

.lock
 *(.lock*)

.signature
 *(.signature*)

.stab
 *(.stab)

.stabstr
 *(.stabstr)

.stab.excl
 *(.stab.excl)

.stab.exclstr
 *(.stab.exclstr)

.stab.index
 *(.stab.index)

.stab.indexstr
 *(.stab.indexstr)

.comment        0x0000000000000000       0x24
 *(.comment)
 .comment       0x0000000000000000       0x12 main.o
                                         0x13 (size before relaxing)
 .comment       0x0000000000000012       0x13 usart.o
 .comment       0x0000000000000012       0x13 mdb.o
 .comment       0x0000000000000012       0x13 uplink.o
 .comment       0x0000000000000012       0x13 pushButtonHandle.o
 .comment       0x0000000000000012       0x13 txSwitch.o
 .comment       0x0000000000000012       0x13 millisF.o
 .comment       0x0000000000000012       0x13 EEPROMHandle.o
 .comment       0x0000000000000012       0x13 vendSessionStates.o
 .comment       0x0000000000000012       0x12 /usr/lib/gcc/avr/11.2.0/../../../../avr/lib/avr6/libc.a(strtok.o)
                                         0x13 (size before relaxing)
 .comment       0x0000000000000024       0x13 /usr/lib/gcc/avr/11.2.0/../../../../avr/lib/avr6/libc.a(sprintf.o)
 .comment       0x0000000000000024       0x13 /usr/lib/gcc/avr/11.2.0/../../../../avr/lib/avr6/libc.a(vfprintf_std.o)
 .comment       0x0000000000000024       0x13 /usr/lib/gcc/avr/11.2.0/../../../../avr/lib/avr6/libc.a(fputc.o)

.note.gnu.avr.deviceinfo
                0x0000000000000000       0x40
 .note.gnu.avr.deviceinfo
                0x0000000000000000       0x40 /usr/lib/gcc/avr/11.2.0/../../../../avr/lib/avr6/crtatmega2560.o

.note.gnu.build-id
 *(.note.gnu.build-id)

.debug
 *(.debug)

.line
 *(.line)

.debug_srcinfo
 *(.debug_srcinfo)

.debug_sfnames
 *(.debug_sfnames)

.debug_aranges  0x0000000000000000      0x120
 *(.debug_aranges)
 .debug_aranges
                0x0000000000000000       0x20 main.o
 .debug_aranges
                0x0000000000000020       0x20 usart.o
 .debug_aranges
                0x0000000000000040       0x20 mdb.o
 .debug_aranges
                0x0000000000000060       0x20 uplink.o
 .debug_aranges
                0x0000000000000080       0x20 pushButtonHandle.o
 .debug_aranges
                0x00000000000000a0       0x20 txSwitch.o
 .debug_aranges
                0x00000000000000c0       0x20 millisF.o
 .debug_aranges
                0x00000000000000e0       0x20 EEPROMHandle.o
 .debug_aranges
                0x0000000000000100       0x20 vendSessionStates.o

.debug_pubnames
 *(.debug_pubnames)

.debug_info     0x0000000000000000     0x56b0
 *(.debug_info .gnu.linkonce.wi.*)
 .debug_info    0x0000000000000000      0xbbc /usr/lib/gcc/avr/11.2.0/../../../../avr/lib/avr6/crtatmega2560.o
 .debug_info    0x0000000000000bbc      0x40c main.o
 .debug_info    0x0000000000000fc8      0x974 usart.o
 .debug_info    0x000000000000193c     0x1d36 mdb.o
 .debug_info    0x0000000000003672     0x16f3 uplink.o
 .debug_info    0x0000000000004d65       0xca pushButtonHandle.o
 .debug_info    0x0000000000004e2f      0x15b txSwitch.o
 .debug_info    0x0000000000004f8a      0x3c6 millisF.o
 .debug_info    0x0000000000005350      0x142 EEPROMHandle.o
 .debug_info    0x0000000000005492      0x21e vendSessionStates.o

.debug_abbrev   0x0000000000000000     0x1ba5
 *(.debug_abbrev)
 .debug_abbrev  0x0000000000000000      0xb1a /usr/lib/gcc/avr/11.2.0/../../../../avr/lib/avr6/crtatmega2560.o
 .debug_abbrev  0x0000000000000b1a      0x18c main.o
 .debug_abbrev  0x0000000000000ca6      0x255 usart.o
 .debug_abbrev  0x0000000000000efb      0x309 mdb.o
 .debug_abbrev  0x0000000000001204      0x424 uplink.o
 .debug_abbrev  0x0000000000001628       0x85 pushButtonHandle.o
 .debug_abbrev  0x00000000000016ad       0xf0 txSwitch.o
 .debug_abbrev  0x000000000000179d      0x199 millisF.o
 .debug_abbrev  0x0000000000001936       0xfc EEPROMHandle.o
 .debug_abbrev  0x0000000000001a32      0x173 vendSessionStates.o

.debug_line     0x0000000000000000     0x45fa
 *(.debug_line .debug_line.* .debug_line_end)
 .debug_line    0x0000000000000000       0x1d /usr/lib/gcc/avr/11.2.0/../../../../avr/lib/avr6/crtatmega2560.o
 .debug_line    0x000000000000001d      0x180 main.o
 .debug_line    0x000000000000019d      0xc67 usart.o
 .debug_line    0x0000000000000e04     0x1ea1 mdb.o
 .debug_line    0x0000000000002ca5      0xfbc uplink.o
 .debug_line    0x0000000000003c61      0x163 pushButtonHandle.o
 .debug_line    0x0000000000003dc4      0x190 txSwitch.o
 .debug_line    0x0000000000003f54      0x3e6 millisF.o
 .debug_line    0x000000000000433a       0xbc EEPROMHandle.o
 .debug_line    0x00000000000043f6      0x204 vendSessionStates.o

.debug_frame    0x0000000000000000      0x92c
 *(.debug_frame)
 .debug_frame   0x0000000000000000       0x24 main.o
 .debug_frame   0x0000000000000024      0x3d0 usart.o
 .debug_frame   0x00000000000003f4      0x148 mdb.o
 .debug_frame   0x000000000000053c      0x224 uplink.o
 .debug_frame   0x0000000000000760       0x34 pushButtonHandle.o
 .debug_frame   0x0000000000000794       0x34 txSwitch.o
 .debug_frame   0x00000000000007c8       0xd4 millisF.o
 .debug_frame   0x000000000000089c       0x34 EEPROMHandle.o
 .debug_frame   0x00000000000008d0       0x5c vendSessionStates.o

.debug_str      0x0000000000000000      0xdfc
 *(.debug_str)
 .debug_str     0x0000000000000000      0x3e6 /usr/lib/gcc/avr/11.2.0/../../../../avr/lib/avr6/crtatmega2560.o
 .debug_str     0x00000000000003e6      0x211 main.o
                                        0x24a (size before relaxing)
 .debug_str     0x00000000000005f7      0x15b usart.o
                                        0x2fd (size before relaxing)
 .debug_str     0x0000000000000752      0x39d mdb.o
                                        0x59b (size before relaxing)
 .debug_str     0x0000000000000aef      0x18d uplink.o
                                        0x5ec (size before relaxing)
 .debug_str     0x0000000000000c7c       0x26 pushButtonHandle.o
                                        0x187 (size before relaxing)
 .debug_str     0x0000000000000ca2        0xb txSwitch.o
                                        0x198 (size before relaxing)
 .debug_str     0x0000000000000cad       0x9e millisF.o
                                        0x21f (size before relaxing)
 .debug_str     0x0000000000000d4b       0x69 EEPROMHandle.o
                                        0x1cf (size before relaxing)
 .debug_str     0x0000000000000db4       0x48 vendSessionStates.o
                                        0x200 (size before relaxing)

.debug_loc      0x0000000000000000     0x2409
 *(.debug_loc)
 .debug_loc     0x0000000000000000       0x20 main.o
 .debug_loc     0x0000000000000020      0xfe7 usart.o
 .debug_loc     0x0000000000001007      0x643 mdb.o
 .debug_loc     0x000000000000164a      0x94f uplink.o
 .debug_loc     0x0000000000001f99       0xae pushButtonHandle.o
 .debug_loc     0x0000000000002047       0x67 txSwitch.o
 .debug_loc     0x00000000000020ae      0x2c8 millisF.o
 .debug_loc     0x0000000000002376       0x32 EEPROMHandle.o
 .debug_loc     0x00000000000023a8       0x61 vendSessionStates.o

.debug_macinfo
 *(.debug_macinfo)

.debug_weaknames
 *(.debug_weaknames)

.debug_funcnames
 *(.debug_funcnames)

.debug_typenames
 *(.debug_typenames)

.debug_varnames
 *(.debug_varnames)

.debug_pubtypes
 *(.debug_pubtypes)

.debug_ranges   0x0000000000000000       0x90
 *(.debug_ranges)
 .debug_ranges  0x0000000000000000       0x10 main.o
 .debug_ranges  0x0000000000000010       0x30 mdb.o
 .debug_ranges  0x0000000000000040       0x50 uplink.o

.debug_addr
 *(.debug_addr)

.debug_line_str
 *(.debug_line_str)

.debug_loclists
 *(.debug_loclists)

.debug_macro
 *(.debug_macro)

.debug_names
 *(.debug_names)

.debug_rnglists
 *(.debug_rnglists)

.debug_str_offsets
 *(.debug_str_offsets)

.debug_sup
 *(.debug_sup)
OUTPUT(main.elf elf32-avr)
LOAD linker stubs

Cross Reference Table

Symbol                                            File
CMD_LIST                                          uplink.o
MDB_USART_TX_READY                                mdb.o
__bad_interrupt                                   /usr/lib/gcc/avr/11.2.0/../../../../avr/lib/avr6/crtatmega2560.o
__bss_end                                         /usr/lib/gcc/avr/11.2.0/avr6/libgcc.a(_clear_bss.o)
__bss_start                                       /usr/lib/gcc/avr/11.2.0/avr6/libgcc.a(_clear_bss.o)
__data_end                                        /usr/lib/gcc/avr/11.2.0/avr6/libgcc.a(_copy_data.o)
__data_load_start                                 /usr/lib/gcc/avr/11.2.0/avr6/libgcc.a(_copy_data.o)
__data_start                                      /usr/lib/gcc/avr/11.2.0/avr6/libgcc.a(_copy_data.o)
__divmodhi4                                       /usr/lib/gcc/avr/11.2.0/avr6/libgcc.a(_divmodhi4.o)
                                                  uplink.o
__do_clear_bss                                    /usr/lib/gcc/avr/11.2.0/avr6/libgcc.a(_clear_bss.o)
                                                  /usr/lib/gcc/avr/11.2.0/../../../../avr/lib/avr6/libc.a(strtok.o)
                                                  vendSessionStates.o
                                                  millisF.o
                                                  uplink.o
                                                  mdb.o
                                                  main.o
__do_copy_data                                    /usr/lib/gcc/avr/11.2.0/avr6/libgcc.a(_copy_data.o)
                                                  uplink.o
                                                  mdb.o
                                                  usart.o
__heap_end                                        /usr/lib/gcc/avr/11.2.0/../../../../avr/lib/avr6/crtatmega2560.o
__init                                            /usr/lib/gcc/avr/11.2.0/../../../../avr/lib/avr6/crtatmega2560.o
__mulhi_const_10                                  /usr/lib/gcc/avr/11.2.0/../../../../avr/lib/avr6/libc.a(mul10.o)
                                                  /usr/lib/gcc/avr/11.2.0/../../../../avr/lib/avr6/libc.a(atoi.o)
__muluhisi3                                       /usr/lib/gcc/avr/11.2.0/avr6/libgcc.a(_muluhisi3.o)
                                                  millisF.o
__stack                                           /usr/lib/gcc/avr/11.2.0/../../../../avr/lib/avr6/crtatmega2560.o
__tablejump2__                                    /usr/lib/gcc/avr/11.2.0/avr6/libgcc.a(_tablejump2.o)
                                                  uplink.o
                                                  mdb.o
__udivmodhi4                                      /usr/lib/gcc/avr/11.2.0/avr6/libgcc.a(_udivmodhi4.o)
                                                  /usr/lib/gcc/avr/11.2.0/avr6/libgcc.a(_divmodhi4.o)
__udivmodsi4                                      /usr/lib/gcc/avr/11.2.0/avr6/libgcc.a(_udivmodsi4.o)
                                                  usart.o
__ultoa_invert                                    /usr/lib/gcc/avr/11.2.0/../../../../avr/lib/avr6/libc.a(ultoa_invert.o)
                                                  /usr/lib/gcc/avr/11.2.0/../../../../avr/lib/avr6/libc.a(vfprintf_std.o)
__umulhisi3                                       /usr/lib/gcc/avr/11.2.0/avr6/libgcc.a(_umulhisi3.o)
                                                  /usr/lib/gcc/avr/11.2.0/avr6/libgcc.a(_muluhisi3.o)
__vector_1                                        /usr/lib/gcc/avr/11.2.0/../../../../avr/lib/avr6/crtatmega2560.o
__vector_10                                       /usr/lib/gcc/avr/11.2.0/../../../../avr/lib/avr6/crtatmega2560.o
__vector_11                                       /usr/lib/gcc/avr/11.2.0/../../../../avr/lib/avr6/crtatmega2560.o
__vector_12                                       /usr/lib/gcc/avr/11.2.0/../../../../avr/lib/avr6/crtatmega2560.o
__vector_13                                       millisF.o
                                                  /usr/lib/gcc/avr/11.2.0/../../../../avr/lib/avr6/crtatmega2560.o
__vector_14                                       /usr/lib/gcc/avr/11.2.0/../../../../avr/lib/avr6/crtatmega2560.o
__vector_15                                       /usr/lib/gcc/avr/11.2.0/../../../../avr/lib/avr6/crtatmega2560.o
__vector_16                                       /usr/lib/gcc/avr/11.2.0/../../../../avr/lib/avr6/crtatmega2560.o
__vector_17                                       /usr/lib/gcc/avr/11.2.0/../../../../avr/lib/avr6/crtatmega2560.o
__vector_18                                       /usr/lib/gcc/avr/11.2.0/../../../../avr/lib/avr6/crtatmega2560.o
__vector_19                                       /usr/lib/gcc/avr/11.2.0/../../../../avr/lib/avr6/crtatmega2560.o
__vector_2                                        /usr/lib/gcc/avr/11.2.0/../../../../avr/lib/avr6/crtatmega2560.o
__vector_20                                       /usr/lib/gcc/avr/11.2.0/../../../../avr/lib/avr6/crtatmega2560.o
__vector_21                                       /usr/lib/gcc/avr/11.2.0/../../../../avr/lib/avr6/crtatmega2560.o
__vector_22                                       /usr/lib/gcc/avr/11.2.0/../../../../avr/lib/avr6/crtatmega2560.o
__vector_23                                       /usr/lib/gcc/avr/11.2.0/../../../../avr/lib/avr6/crtatmega2560.o
__vector_24                                       /usr/lib/gcc/avr/11.2.0/../../../../avr/lib/avr6/crtatmega2560.o
__vector_25                                       usart.o
                                                  /usr/lib/gcc/avr/11.2.0/../../../../avr/lib/avr6/crtatmega2560.o
__vector_26                                       usart.o
                                                  /usr/lib/gcc/avr/11.2.0/../../../../avr/lib/avr6/crtatmega2560.o
__vector_27                                       /usr/lib/gcc/avr/11.2.0/../../../../avr/lib/avr6/crtatmega2560.o
__vector_28                                       /usr/lib/gcc/avr/11.2.0/../../../../avr/lib/avr6/crtatmega2560.o
__vector_29                                       /usr/lib/gcc/avr/11.2.0/../../../../avr/lib/avr6/crtatmega2560.o
__vector_3                                        /usr/lib/gcc/avr/11.2.0/../../../../avr/lib/avr6/crtatmega2560.o
__vector_30                                       /usr/lib/gcc/avr/11.2.0/../../../../avr/lib/avr6/crtatmega2560.o
__vector_31                                       /usr/lib/gcc/avr/11.2.0/../../../../avr/lib/avr6/crtatmega2560.o
__vector_32                                       /usr/lib/gcc/avr/11.2.0/../../../../avr/lib/avr6/crtatmega2560.o
__vector_33                                       /usr/lib/gcc/avr/11.2.0/../../../../avr/lib/avr6/crtatmega2560.o
__vector_34                                       /usr/lib/gcc/avr/11.2.0/../../../../avr/lib/avr6/crtatmega2560.o
__vector_35                                       /usr/lib/gcc/avr/11.2.0/../../../../avr/lib/avr6/crtatmega2560.o
__vector_36                                       usart.o
                                                  /usr/lib/gcc/avr/11.2.0/../../../../avr/lib/avr6/crtatmega2560.o
__vector_37                                       usart.o
                                                  /usr/lib/gcc/avr/11.2.0/../../../../avr/lib/avr6/crtatmega2560.o
__vector_38                                       /usr/lib/gcc/avr/11.2.0/../../../../avr/lib/avr6/crtatmega2560.o
__vector_39                                       /usr/lib/gcc/avr/11.2.0/../../../../avr/lib/avr6/crtatmega2560.o
__vector_4                                        /usr/lib/gcc/avr/11.2.0/../../../../avr/lib/avr6/crtatmega2560.o
__vector_40                                       /usr/lib/gcc/avr/11.2.0/../../../../avr/lib/avr6/crtatmega2560.o
__vector_41                                       /usr/lib/gcc/avr/11.2.0/../../../../avr/lib/avr6/crtatmega2560.o
__vector_42                                       /usr/lib/gcc/avr/11.2.0/../../../../avr/lib/avr6/crtatmega2560.o
__vector_43                                       /usr/lib/gcc/avr/11.2.0/../../../../avr/lib/avr6/crtatmega2560.o
__vector_44                                       /usr/lib/gcc/avr/11.2.0/../../../../avr/lib/avr6/crtatmega2560.o
__vector_45                                       /usr/lib/gcc/avr/11.2.0/../../../../avr/lib/avr6/crtatmega2560.o
__vector_46                                       /usr/lib/gcc/avr/11.2.0/../../../../avr/lib/avr6/crtatmega2560.o
__vector_47                                       /usr/lib/gcc/avr/11.2.0/../../../../avr/lib/avr6/crtatmega2560.o
__vector_48                                       /usr/lib/gcc/avr/11.2.0/../../../../avr/lib/avr6/crtatmega2560.o
__vector_49                                       /usr/lib/gcc/avr/11.2.0/../../../../avr/lib/avr6/crtatmega2560.o
__vector_5                                        /usr/lib/gcc/avr/11.2.0/../../../../avr/lib/avr6/crtatmega2560.o
__vector_50                                       /usr/lib/gcc/avr/11.2.0/../../../../avr/lib/avr6/crtatmega2560.o
__vector_51                                       usart.o
                                                  /usr/lib/gcc/avr/11.2.0/../../../../avr/lib/avr6/crtatmega2560.o
__vector_52                                       usart.o
                                                  /usr/lib/gcc/avr/11.2.0/../../../../avr/lib/avr6/crtatmega2560.o
__vector_53                                       /usr/lib/gcc/avr/11.2.0/../../../../avr/lib/avr6/crtatmega2560.o
__vector_54                                       /usr/lib/gcc/avr/11.2.0/../../../../avr/lib/avr6/crtatmega2560.o
__vector_55                                       /usr/lib/gcc/avr/11.2.0/../../../../avr/lib/avr6/crtatmega2560.o
__vector_56                                       /usr/lib/gcc/avr/11.2.0/../../../../avr/lib/avr6/crtatmega2560.o
__vector_6                                        /usr/lib/gcc/avr/11.2.0/../../../../avr/lib/avr6/crtatmega2560.o
__vector_7                                        /usr/lib/gcc/avr/11.2.0/../../../../avr/lib/avr6/crtatmega2560.o
__vector_8                                        /usr/lib/gcc/avr/11.2.0/../../../../avr/lib/avr6/crtatmega2560.o
__vector_9                                        /usr/lib/gcc/avr/11.2.0/../../../../avr/lib/avr6/crtatmega2560.o
__vector_default                                  /usr/lib/gcc/avr/11.2.0/../../../../avr/lib/avr6/crtatmega2560.o
__vectors                                         /usr/lib/gcc/avr/11.2.0/../../../../avr/lib/avr6/crtatmega2560.o
_div                                              /usr/lib/gcc/avr/11.2.0/avr6/libgcc.a(_divmodhi4.o)
_exit                                             /usr/lib/gcc/avr/11.2.0/avr6/libgcc.a(_exit.o)
atoi                                              /usr/lib/gcc/avr/11.2.0/../../../../avr/lib/avr6/libc.a(atoi.o)
                                                  uplink.o
bootCounter                                       main.o
buff                                              uplink.o
buffer_level                                      usart.o
                                                  uplink.o
                                                  mdb.o
cd                                                mdb.o
clearLastVendState                                vendSessionStates.o
cmd_approve_vend                                  uplink.o
cmd_cancel_session                                uplink.o
cmd_deny_vend                                     uplink.o
cmd_get_mdb_state                                 uplink.o
cmd_help                                          uplink.o
cmd_info                                          uplink.o
cmd_io                                            uplink.o
cmd_reset                                         uplink.o
cmd_start_session                                 uplink.o
eeprom_read_byte                                  /usr/lib/gcc/avr/11.2.0/../../../../avr/lib/avr6/libatmega2560.a(eerd_byte.o)
                                                  EEPROMHandle.o
eeprom_update_byte                                /usr/lib/gcc/avr/11.2.0/../../../../avr/lib/avr6/libatmega2560.a(eeupd_byte.o)
                                                  EEPROMHandle.o
eeprom_update_r18                                 /usr/lib/gcc/avr/11.2.0/../../../../avr/lib/avr6/libatmega2560.a(eeupd_byte.o)
exit                                              /usr/lib/gcc/avr/11.2.0/avr6/libgcc.a(_exit.o)
                                                  /usr/lib/gcc/avr/11.2.0/../../../../avr/lib/avr6/crtatmega2560.o
fl                                                main.o
flagger                                           main.o
fputc                                             /usr/lib/gcc/avr/11.2.0/../../../../avr/lib/avr6/libc.a(fputc.o)
                                                  /usr/lib/gcc/avr/11.2.0/../../../../avr/lib/avr6/libc.a(vfprintf_std.o)
getLastVendState                                  vendSessionStates.o
                                                  uplink.o
getPBState                                        pushButtonHandle.o
getTimerPass                                      uplink.o
                                                  main.o
getTimerState                                     uplink.o
                                                  main.o
incrementTimerPass                                uplink.o
kVal                                              main.o
liveVendMonitor                                   uplink.o
m                                                 mdb.o
main                                              main.o
                                                  /usr/lib/gcc/avr/11.2.0/../../../../avr/lib/avr6/crtatmega2560.o
mdb_active_cmd                                    mdb.o
mdb_cmd_handler                                   mdb.o
                                                  main.o
mdb_poll                                          mdb.o
mdb_poll_reply                                    mdb.o
                                                  uplink.o
mdb_reader                                        mdb.o
mdb_reset                                         mdb.o
mdb_setup                                         mdb.o
mdb_stage3                                        mdb.o
mdb_state                                         mdb.o
                                                  uplink.o
mdb_vend                                          mdb.o
millis_add                                        millisF.o
millis_get                                        millisF.o
                                                  main.o
millis_init                                       millisF.o
                                                  main.o
millis_pause                                      millisF.o
millis_reset                                      millisF.o
millis_resume                                     millisF.o
millis_subtract                                   millisF.o
parse_cmd                                         uplink.o
paymentMethod                                     uplink.o
price                                             mdb.o
                                                  uplink.o
processComplete                                   uplink.o
readDataFromEEPROM                                EEPROMHandle.o
                                                  vendSessionStates.o
read_buffer                                       usart.o
recv_char                                         usart.o
                                                  uplink.o
recv_mdb                                          usart.o
                                                  mdb.o
recv_str                                          usart.o
resetDevice                                       uplink.o
reset_done                                        mdb.o
s3d                                               mdb.o
s3dT                                              mdb.o
saveVendState                                     vendSessionStates.o
secondsV                                          millisF.o
send_char                                         usart.o
                                                  uplink.o
send_mdb                                          usart.o
                                                  mdb.o
send_str                                          usart.o
                                                  uplink.o
                                                  mdb.o
send_str_p                                        usart.o
                                                  vendSessionStates.o
                                                  txSwitch.o
                                                  uplink.o
                                                  mdb.o
                                                  main.o
session                                           mdb.o
                                                  uplink.o
setupPB                                           pushButtonHandle.o
setupTxSwitch                                     txSwitch.o
                                                  main.o
setup_usart                                       usart.o
                                                  main.o
sprintf                                           /usr/lib/gcc/avr/11.2.0/../../../../avr/lib/avr6/libc.a(sprintf.o)
                                                  uplink.o
                                                  mdb.o
startTimer                                        uplink.o
statePos                                          mdb.o
statesCheckStartup                                vendSessionStates.o
stopTimer                                         uplink.o
strcasecmp                                        /usr/lib/gcc/avr/11.2.0/../../../../avr/lib/avr6/libc.a(strcasecmp.o)
                                                  uplink.o
strnlen                                           /usr/lib/gcc/avr/11.2.0/../../../../avr/lib/avr6/libc.a(strnlen.o)
                                                  /usr/lib/gcc/avr/11.2.0/../../../../avr/lib/avr6/libc.a(vfprintf_std.o)
strnlen_P                                         /usr/lib/gcc/avr/11.2.0/../../../../avr/lib/avr6/libc.a(strnlen_P.o)
                                                  /usr/lib/gcc/avr/11.2.0/../../../../avr/lib/avr6/libc.a(vfprintf_std.o)
strsep                                            /usr/lib/gcc/avr/11.2.0/../../../../avr/lib/avr6/libc.a(strsep.o)
                                                  uplink.o
strtok                                            /usr/lib/gcc/avr/11.2.0/../../../../avr/lib/avr6/libc.a(strtok.o)
                                                  uplink.o
strtok_r                                          /usr/lib/gcc/avr/11.2.0/../../../../avr/lib/avr6/libc.a(strtok_r.o)
                                                  /usr/lib/gcc/avr/11.2.0/../../../../avr/lib/avr6/libc.a(strtok.o)
timeHandler                                       uplink.o
                                                  main.o
timerPassV                                        uplink.o
timerVal                                          uplink.o
txSwitchState                                     txSwitch.o
                                                  mdb.o
                                                  main.o
uplink_cmd_handler                                uplink.o
                                                  main.o
usart                                             usart.o
vendInvoker                                       uplink.o
vendStateT                                        vendSessionStates.o
                                                  uplink.o
                                                  mdb.o
vendValue                                         uplink.o
vfprintf                                          /usr/lib/gcc/avr/11.2.0/../../../../avr/lib/avr6/libc.a(vfprintf_std.o)
                                                  /usr/lib/gcc/avr/11.2.0/../../../../avr/lib/avr6/libc.a(sprintf.o)
vmc                                               mdb.o
                                                  uplink.o
writeDataToEEPROM                                 EEPROMHandle.o
                                                  vendSessionStates.o
write_buffer                                      usart.o
